{
  "C": {
    "f()": "digraph{\n0[label=\"Node Type: ENTRY_POINT 0\n\"];\n0->3;\n1[label=\"Node Type: BEGIN_LOOP 1\n\"];\n1->4;\n2[label=\"Node Type: END_LOOP 2\n\"];\n3[label=\"Node Type: NEW VARIABLE 3\n\"];\n3->1;\n4[label=\"Node Type: IF_LOOP 4\n\"];\n4->5[label=\"True\"];\n4->2[label=\"False\"];\n5[label=\"Node Type: IF 5\n\"];\n5->6[label=\"True\"];\n5->7[label=\"False\"];\n6[label=\"Node Type: BREAK 6\n\"];\n6->2;\n7[label=\"Node Type: END_IF 7\n\"];\n7->8;\n8[label=\"Node Type: IF 8\n\"];\n8->9[label=\"True\"];\n8->10[label=\"False\"];\n9[label=\"Node Type: CONTINUE 9\n\"];\n9->1;\n10[label=\"Node Type: END_IF 10\n\"];\n10->13;\n11[label=\"Node Type: BEGIN_LOOP 11\n\"];\n11->14;\n12[label=\"Node Type: END_LOOP 12\n\"];\n12->23;\n13[label=\"Node Type: NEW VARIABLE 13\n\"];\n13->11;\n14[label=\"Node Type: IF_LOOP 14\n\"];\n14->15[label=\"True\"];\n14->12[label=\"False\"];\n15[label=\"Node Type: IF 15\n\"];\n15->16[label=\"True\"];\n15->17[label=\"False\"];\n16[label=\"Node Type: CONTINUE 16\n\"];\n16->11;\n17[label=\"Node Type: END_IF 17\n\"];\n17->18;\n18[label=\"Node Type: IF 18\n\"];\n18->19[label=\"True\"];\n18->20[label=\"False\"];\n19[label=\"Node Type: BREAK 19\n\"];\n19->12;\n20[label=\"Node Type: END_IF 20\n\"];\n20->21;\n21[label=\"Node Type: EXPRESSION 21\n\"];\n21->22;\n22[label=\"Node Type: EXPRESSION 22\n\"];\n22->14;\n23[label=\"Node Type: EXPRESSION 23\n\"];\n23->4;\n}\n"
  }
}